// Jest Snapshot v1, https://goo.gl/fbAQLP

exports[`The PlayAccessLogsToMetrics stack matches the snapshot 1`] = `
{
  "Metadata": {
    "gu:cdk:constructs": [
      "GuParameter",
      "GuParameter",
      "GuDistributionBucketParameter",
      "GuScheduledLambda",
      "GuLambdaErrorPercentageAlarm",
    ],
    "gu:cdk:version": "TEST",
  },
  "Parameters": {
    "DistributionBucketName": {
      "Default": "/account/services/artifact.bucket",
      "Description": "SSM parameter containing the S3 bucket name holding distribution artifacts",
      "Type": "AWS::SSM::Parameter::Value<String>",
    },
    "athenaOutputBucketParam": {
      "Default": "/TEST/frontend/play-access-logs-to-metrics/athenaOutputBucket",
      "Description": "The S3 location where Athena query results should be stored, e.g. s3://my-bucket/athena-output/",
      "Type": "AWS::SSM::Parameter::Value<String>",
    },
    "playAccessLogsConfigParam": {
      "Default": "/TEST/frontend/play-access-logs-to-metrics/inputConfig",
      "Description": "The JSON encoded configuration, containing which route file for which app to process",
      "Type": "AWS::SSM::Parameter::Value<String>",
    },
  },
  "Resources": {
    "AbTestingNotificationSnsTopicB3559144": {
      "Properties": {
        "Tags": [
          {
            "Key": "gu:cdk:version",
            "Value": "TEST",
          },
          {
            "Key": "gu:repo",
            "Value": "guardian/play-access-logs-to-metrics",
          },
          {
            "Key": "Stack",
            "Value": "frontend",
          },
          {
            "Key": "Stage",
            "Value": "TEST",
          },
        ],
      },
      "Type": "AWS::SNS::Topic",
    },
    "PlayAccessLogsToMetricsLambda980BB37F": {
      "DependsOn": [
        "PlayAccessLogsToMetricsLambdaServiceRoleDefaultPolicyF23850B0",
        "PlayAccessLogsToMetricsLambdaServiceRole21038829",
      ],
      "Properties": {
        "Code": {
          "S3Bucket": {
            "Ref": "DistributionBucketName",
          },
          "S3Key": "frontend/TEST/play-access-logs-to-metrics/play-access-logs-to-metrics-assembly-1.0.0.jar",
        },
        "Environment": {
          "Variables": {
            "APP": "play-access-logs-to-metrics",
            "ATHENA_OUTPUT_LOCATION": {
              "Fn::Join": [
                "",
                [
                  "s3://",
                  {
                    "Ref": "athenaOutputBucketParam",
                  },
                  "/athena-output/",
                ],
              ],
            },
            "PLAY_ACCESS_LOGS_CONFIG": {
              "Ref": "playAccessLogsConfigParam",
            },
            "STACK": "frontend",
            "STAGE": "TEST",
          },
        },
        "FunctionName": "play-access-logs-to-metrics-TEST",
        "Handler": "com.gu.alb.Handler::handleRequest",
        "LoggingConfig": {
          "LogFormat": "JSON",
        },
        "MemorySize": 1024,
        "Role": {
          "Fn::GetAtt": [
            "PlayAccessLogsToMetricsLambdaServiceRole21038829",
            "Arn",
          ],
        },
        "Runtime": "java25",
        "Tags": [
          {
            "Key": "App",
            "Value": "play-access-logs-to-metrics",
          },
          {
            "Key": "gu:cdk:version",
            "Value": "TEST",
          },
          {
            "Key": "gu:repo",
            "Value": "guardian/play-access-logs-to-metrics",
          },
          {
            "Key": "Stack",
            "Value": "frontend",
          },
          {
            "Key": "Stage",
            "Value": "TEST",
          },
        ],
        "Timeout": 30,
      },
      "Type": "AWS::Lambda::Function",
    },
    "PlayAccessLogsToMetricsLambdaErrorPercentageAlarmForLambdaA90DA6DF": {
      "Properties": {
        "ActionsEnabled": true,
        "AlarmActions": [
          {
            "Fn::Join": [
              "",
              [
                "arn:aws:sns:",
                {
                  "Ref": "AWS::Region",
                },
                ":",
                {
                  "Ref": "AWS::AccountId",
                },
                ":",
                {
                  "Fn::GetAtt": [
                    "AbTestingNotificationSnsTopicB3559144",
                    "TopicName",
                  ],
                },
              ],
            ],
          },
        ],
        "AlarmDescription": "Something went wrong when processing access logs for play-access-logs-to-metrics-TEST. Please check the logs",
        "AlarmName": "play-access-logs-to-metrics-TEST-alarm",
        "ComparisonOperator": "GreaterThanThreshold",
        "DatapointsToAlarm": 1,
        "EvaluationPeriods": 1,
        "Metrics": [
          {
            "Expression": "100*m1/m2",
            "Id": "expr_1",
            "Label": {
              "Fn::Join": [
                "",
                [
                  "Error % of ",
                  {
                    "Ref": "PlayAccessLogsToMetricsLambda980BB37F",
                  },
                ],
              ],
            },
            "ReturnData": true,
          },
          {
            "Id": "m1",
            "MetricStat": {
              "Metric": {
                "Dimensions": [
                  {
                    "Name": "FunctionName",
                    "Value": {
                      "Ref": "PlayAccessLogsToMetricsLambda980BB37F",
                    },
                  },
                ],
                "MetricName": "Errors",
                "Namespace": "AWS/Lambda",
              },
              "Period": 60,
              "Stat": "Sum",
            },
            "ReturnData": false,
          },
          {
            "Id": "m2",
            "MetricStat": {
              "Metric": {
                "Dimensions": [
                  {
                    "Name": "FunctionName",
                    "Value": {
                      "Ref": "PlayAccessLogsToMetricsLambda980BB37F",
                    },
                  },
                ],
                "MetricName": "Invocations",
                "Namespace": "AWS/Lambda",
              },
              "Period": 60,
              "Stat": "Sum",
            },
            "ReturnData": false,
          },
        ],
        "Tags": [
          {
            "Key": "gu:cdk:version",
            "Value": "TEST",
          },
          {
            "Key": "gu:repo",
            "Value": "guardian/play-access-logs-to-metrics",
          },
          {
            "Key": "Stack",
            "Value": "frontend",
          },
          {
            "Key": "Stage",
            "Value": "TEST",
          },
        ],
        "Threshold": 0,
        "TreatMissingData": "notBreaching",
      },
      "Type": "AWS::CloudWatch::Alarm",
    },
    "PlayAccessLogsToMetricsLambdaServiceRole21038829": {
      "Properties": {
        "AssumeRolePolicyDocument": {
          "Statement": [
            {
              "Action": "sts:AssumeRole",
              "Effect": "Allow",
              "Principal": {
                "Service": "lambda.amazonaws.com",
              },
            },
          ],
          "Version": "2012-10-17",
        },
        "ManagedPolicyArns": [
          {
            "Fn::Join": [
              "",
              [
                "arn:",
                {
                  "Ref": "AWS::Partition",
                },
                ":iam::aws:policy/service-role/AWSLambdaBasicExecutionRole",
              ],
            ],
          },
        ],
        "Tags": [
          {
            "Key": "App",
            "Value": "play-access-logs-to-metrics",
          },
          {
            "Key": "gu:cdk:version",
            "Value": "TEST",
          },
          {
            "Key": "gu:repo",
            "Value": "guardian/play-access-logs-to-metrics",
          },
          {
            "Key": "Stack",
            "Value": "frontend",
          },
          {
            "Key": "Stage",
            "Value": "TEST",
          },
        ],
      },
      "Type": "AWS::IAM::Role",
    },
    "PlayAccessLogsToMetricsLambdaServiceRoleDefaultPolicyF23850B0": {
      "Properties": {
        "PolicyDocument": {
          "Statement": [
            {
              "Action": [
                "athena:StartQueryExecution",
                "athena:GetQueryExecution",
                "athena:GetQueryResults",
              ],
              "Effect": "Allow",
              "Resource": {
                "Fn::Join": [
                  "",
                  [
                    "arn:aws:athena:eu-west-1:",
                    {
                      "Ref": "AWS::AccountId",
                    },
                    ":workgroup/primary",
                  ],
                ],
              },
              "Sid": "AthenaQueryExecution",
            },
            {
              "Action": [
                "glue:GetDatabase",
                "glue:GetTable",
                "glue:GetPartitions",
              ],
              "Effect": "Allow",
              "Resource": [
                {
                  "Fn::Join": [
                    "",
                    [
                      "arn:aws:glue:eu-west-1:",
                      {
                        "Ref": "AWS::AccountId",
                      },
                      ":catalog",
                    ],
                  ],
                },
                {
                  "Fn::Join": [
                    "",
                    [
                      "arn:aws:glue:eu-west-1:",
                      {
                        "Ref": "AWS::AccountId",
                      },
                      ":database/gucdk_access_logs",
                    ],
                  ],
                },
                {
                  "Fn::Join": [
                    "",
                    [
                      "arn:aws:glue:eu-west-1:",
                      {
                        "Ref": "AWS::AccountId",
                      },
                      ":table/gucdk_access_logs/*",
                    ],
                  ],
                },
              ],
              "Sid": "GlueCatalogAccess",
            },
            {
              "Action": [
                "s3:GetBucketLocation",
                "s3:GetObject",
                "s3:ListBucket",
                "s3:PutObject",
              ],
              "Effect": "Allow",
              "Resource": [
                {
                  "Fn::Join": [
                    "",
                    [
                      "arn:aws:s3:::",
                      {
                        "Ref": "athenaOutputBucketParam",
                      },
                    ],
                  ],
                },
                {
                  "Fn::Join": [
                    "",
                    [
                      "arn:aws:s3:::",
                      {
                        "Ref": "athenaOutputBucketParam",
                      },
                      "/athena-output/*",
                    ],
                  ],
                },
              ],
              "Sid": "S3OutputLocation",
            },
            {
              "Action": [
                "s3:GetObject",
                "s3:ListBucket",
              ],
              "Effect": "Allow",
              "Resource": [
                {
                  "Fn::Join": [
                    "",
                    [
                      "arn:aws:s3:::com-gu-",
                      {
                        "Ref": "AWS::AccountId",
                      },
                      "-load-balancer-access-logs-eu-west-1",
                    ],
                  ],
                },
                {
                  "Fn::Join": [
                    "",
                    [
                      "arn:aws:s3:::com-gu-",
                      {
                        "Ref": "AWS::AccountId",
                      },
                      "-load-balancer-access-logs-eu-west-1/*",
                    ],
                  ],
                },
              ],
              "Sid": "S3SourceDataRead",
            },
            {
              "Action": "cloudwatch:PutMetricData",
              "Effect": "Allow",
              "Resource": "*",
              "Sid": "CloudWatchPutMetrics",
            },
            {
              "Action": [
                "s3:GetObject*",
                "s3:GetBucket*",
                "s3:List*",
              ],
              "Effect": "Allow",
              "Resource": [
                {
                  "Fn::Join": [
                    "",
                    [
                      "arn:",
                      {
                        "Ref": "AWS::Partition",
                      },
                      ":s3:::",
                      {
                        "Ref": "DistributionBucketName",
                      },
                    ],
                  ],
                },
                {
                  "Fn::Join": [
                    "",
                    [
                      "arn:",
                      {
                        "Ref": "AWS::Partition",
                      },
                      ":s3:::",
                      {
                        "Ref": "DistributionBucketName",
                      },
                      "/frontend/TEST/play-access-logs-to-metrics/play-access-logs-to-metrics-assembly-1.0.0.jar",
                    ],
                  ],
                },
              ],
            },
            {
              "Action": "ssm:GetParametersByPath",
              "Effect": "Allow",
              "Resource": {
                "Fn::Join": [
                  "",
                  [
                    "arn:aws:ssm:",
                    {
                      "Ref": "AWS::Region",
                    },
                    ":",
                    {
                      "Ref": "AWS::AccountId",
                    },
                    ":parameter/TEST/frontend/play-access-logs-to-metrics",
                  ],
                ],
              },
            },
            {
              "Action": [
                "ssm:GetParameters",
                "ssm:GetParameter",
              ],
              "Effect": "Allow",
              "Resource": {
                "Fn::Join": [
                  "",
                  [
                    "arn:aws:ssm:",
                    {
                      "Ref": "AWS::Region",
                    },
                    ":",
                    {
                      "Ref": "AWS::AccountId",
                    },
                    ":parameter/TEST/frontend/play-access-logs-to-metrics/*",
                  ],
                ],
              },
            },
          ],
          "Version": "2012-10-17",
        },
        "PolicyName": "PlayAccessLogsToMetricsLambdaServiceRoleDefaultPolicyF23850B0",
        "Roles": [
          {
            "Ref": "PlayAccessLogsToMetricsLambdaServiceRole21038829",
          },
        ],
      },
      "Type": "AWS::IAM::Policy",
    },
  },
}
`;
